Текст (от лат. textus «ткань; сплетение, связь, сочетание») — зафиксированная на каком-либо материальном носителе человеческая мысль; в общем плане связная и полная последовательность символов.
Существуют две основные трактовки понятия «текст»: «имманентная» (расширенная, философски нагруженная) и «репрезентативная» (более частная). Имманентный подход подразумевает отношение к тексту как к автономной реальности, нацеленность на выявление его внутренней структуры. Репрезентативный — рассмотрение текста как особой формы представления знаний о внешней тексту действительности.
